---
source: external-crates/move/crates/move-transactional-test-runner/src/framework.rs
assertion_line: 908
---
processed 9 tasks

init:
A: object(0,0)

task 1, lines 17-64:
//# publish
created: object(1,0)
mutated: object(0,1)
gas summary: computation_cost: 1000000, storage_cost: 8937600,  storage_rebate: 0, non_refundable_storage_fee: 0

task 2, line 66:
//# run ex::alias::make --sender A
created: object(2,0)
mutated: object(0,0)
gas summary: computation_cost: 1000000, storage_cost: 2302800,  storage_rebate: 0, non_refundable_storage_fee: 0

task 3, lines 68-71:
//# view-object 2,0
Owner: Account Address ( A )
Version: 2
Contents: ex::alias::Box {
    id: sui::object::UID {
        id: sui::object::ID {
            bytes: fake(2,0),
        },
    },
    v: 100u64,
}

task 4, lines 72-76:
//# programmable --sender A --inputs object(2,0)
//> ex::alias::break_exclusivity(Input(0), Input(0))
// Fund a vault, then attempt to present the same command result as both `&mut`
// receipts -- must also be rejected, leaving the vault untouched.
Error: Transaction Effects Status: Invalid command argument at 0. The argument specified cannot be used as a reference argument in the Move call. Either the argument is a mutable reference and it conflicts with another argument to the call, or the argument is mutable and another reference extends it and will be used in a later command.
Execution Error: ExecutionError: ExecutionError { inner: ExecutionErrorInner { kind: CommandArgumentError { arg_idx: 0, kind: InvalidReferenceArgument }, source: None, command: Some(0) } }

task 5, lines 77-79:
//# programmable --sender A --inputs 1000000000
//> 0: SplitCoins(Gas, [Input(0)]);
//> 1: ex::alias::found(Result(0))
created: object(5,0)
mutated: object(0,0)
gas summary: computation_cost: 1000000, storage_cost: 2318000,  storage_rebate: 978120, non_refundable_storage_fee: 9880

task 6, line 81:
//# view-object 5,0
Owner: Shared( 4 )
Version: 4
Contents: ex::alias::Vault {
    id: sui::object::UID {
        id: sui::object::ID {
            bytes: fake(5,0),
        },
    },
    funds: sui::balance::Balance<sui::sui::SUI> {
        value: 1000000000u64,
    },
}

task 7, lines 83-88:
//# programmable --sender A --inputs 100 @A object(5,0)
//> 0: SplitCoins(Gas, [Input(0)]);
//> 1: ex::alias::claim(Input(2), Result(0), Result(0));
//> 2: TransferObjects([Result(1)], Input(1))
// Vault funds are unchanged: the aliased-`&mut` claim was rejected.
Error: Transaction Effects Status: Invalid command argument at 1. The argument specified cannot be used as a reference argument in the Move call. Either the argument is a mutable reference and it conflicts with another argument to the call, or the argument is mutable and another reference extends it and will be used in a later command.
Debug of error: CommandArgumentError { arg_idx: 1, kind: InvalidReferenceArgument } at command Some(1)

task 8, line 89:
//# view-object 5,0
Owner: Shared( 4 )
Version: 5
Contents: ex::alias::Vault {
    id: sui::object::UID {
        id: sui::object::ID {
            bytes: fake(5,0),
        },
    },
    funds: sui::balance::Balance<sui::sui::SUI> {
        value: 1000000000u64,
    },
}
